[2026-08-13 19:24:41][info] Start build web, destPath=E:\Object\layaframe3/release/web
[2026-08-13 19:24:41][info] Initializing
[2026-08-13 19:24:41][info] Run .onSetup
[2026-08-13 19:24:41][info] Cleaning up old data
[2026-08-13 19:24:41][info] Starting
[2026-08-13 19:24:41][info] Preparing assets
[2026-08-13 19:24:41][info] ExportAssetTool: 35 assets to parse
[2026-08-13 19:24:41][info] ExportAssetTool: 31 assets to parse
[2026-08-13 19:24:42][info] Exporting assets
[2026-08-13 19:24:42][info] ExportAssetTool: 67 items to write
[2026-08-13 19:24:42][info] ExportAssetTool: Create internal/UI/comp.atlas, 30 images.
[2026-08-13 19:24:42][info] ExportAssetTool: Created internal/UI/comp.atlas
[2026-08-13 19:24:42][info] Build script bundles
[2026-08-13 19:24:45][info] Copying files
[2026-08-13 19:24:45][info] Creating manifest
[2026-08-13 19:24:45][info] Run .onCreateManifest
[2026-08-13 19:24:45][warn] splash image missing: assets/resources/layaAir.png
[2026-08-13 19:24:45][info] Creating package
[2026-08-13 19:24:45][info] Finalizing
[2026-08-13 19:24:45][info] Build end, result=Success