[2026-06-22 13:48:09][info] Start build wxgame, destPath=E:\Object\layaframe3/release/wxgame
[2026-06-22 13:48:09][info] Initializing
[2026-06-22 13:48:09][info] Run .onSetup
[2026-06-22 13:48:09][info] Cleaning up old data
[2026-06-22 13:48:09][info] Starting
[2026-06-22 13:48:09][info] Run Object.onStart
[2026-06-22 13:48:09][info] 开始构建微信小游戏
[2026-06-22 13:48:09][info] Preparing assets
[2026-06-22 13:48:09][info] ExportAssetTool: 36 assets to parse
[2026-06-22 13:48:09][info] ExportAssetTool: 31 assets to parse
[2026-06-22 13:48:09][info] Exporting assets
[2026-06-22 13:48:09][info] ExportAssetTool: 68 items to write
[2026-06-22 13:48:09][info] ExportAssetTool: Create internal/UI/comp.atlas, 30 images.
[2026-06-22 13:48:10][info] ExportAssetTool: Created internal/UI/comp.atlas
[2026-06-22 13:48:10][info] Build script bundles
[2026-06-22 13:48:11][info] Copying files
[2026-06-22 13:48:11][info] Creating manifest
[2026-06-22 13:48:11][info] Run .onCreateManifest
[2026-06-22 13:48:11][info] Creating package
[2026-06-22 13:48:11][info] Finalizing
[2026-06-22 13:48:11][info] Build end, result=Success